<?xml version="1.0" encoding="utf-8"?>
<?AutomationStudio Version="4.5.2.102"?>
<Objects>
  <Object
    Path="C:\GitHub\B-R-Tetris\Logical\Package.pkg"
    LogicalPath=""
    Type="Package.ParentUnknown"
    LastWriteTime="132137473048959949" />
  <Object
    Path="C:\GitHub\B-R-Tetris\Temp\Includes\AS_TempDecl\Config1\GlobalComponents\MpComponents.var"
    LogicalPath="MpComponents.var"
    Type="File"
    LastWriteTime="132139185955061560"
    Private="false" />
  <Object
    Path="C:\GitHub\B-R-Tetris\Logical\Global.typ"
    LogicalPath="Global.typ"
    Type="File"
    LastWriteTime="132132091842989685"
    Private="false" />
  <Object
    Path="C:\GitHub\B-R-Tetris\Logical\Global.var"
    LogicalPath="Global.var"
    Type="File"
    LastWriteTime="132133752977091328"
    Private="false" />
  <Object
    Path="C:\GitHub\B-R-Tetris\Logical\Libraries\Package.pkg"
    LogicalPath="Libraries"
    Type="Package"
    LastWriteTime="132132101297391467" />
  <Object
    Path="C:\GitHub\B-R-Tetris\Logical\Libraries\operator\binary.lby"
    LogicalPath="Libraries.operator"
    Type="Library"
    LastWriteTime="132132091871537175" />
  <Object
    Path="C:\GitHub\B-R-Tetris\Logical\Libraries\operator\operator.fun"
    LogicalPath="Libraries.operator.operator.fun"
    Type="File"
    LastWriteTime="132132091871346678"
    Private="false" />
  <Object
    Path="C:\GitHub\B-R-Tetris\Logical\Libraries\operator\operator.typ"
    LogicalPath="Libraries.operator.operator.typ"
    Type="File"
    LastWriteTime="132132091871416858"
    Private="false" />
  <Object
    Path="C:\GitHub\B-R-Tetris\Logical\Libraries\operator\operator.var"
    LogicalPath="Libraries.operator.operator.var"
    Type="File"
    LastWriteTime="132132091871477017"
    Private="false" />
  <Object
    Path="C:\GitHub\B-R-Tetris\Logical\Libraries\runtime\binary.lby"
    LogicalPath="Libraries.runtime"
    Type="Library"
    LastWriteTime="132132091874946488" />
  <Object
    Path="C:\GitHub\B-R-Tetris\Logical\Libraries\runtime\runtime.fun"
    LogicalPath="Libraries.runtime.runtime.fun"
    Type="File"
    LastWriteTime="132132091874765692"
    Private="false" />
  <Object
    Path="C:\GitHub\B-R-Tetris\Logical\Libraries\runtime\runtime.typ"
    LogicalPath="Libraries.runtime.runtime.typ"
    Type="File"
    LastWriteTime="132132091874825844"
    Private="false" />
  <Object
    Path="C:\GitHub\B-R-Tetris\Logical\Libraries\runtime\runtime.var"
    LogicalPath="Libraries.runtime.runtime.var"
    Type="File"
    LastWriteTime="132132091874885998"
    Private="false" />
  <Object
    Path="C:\GitHub\B-R-Tetris\Logical\Libraries\astime\binary.lby"
    LogicalPath="Libraries.astime"
    Type="Library"
    LastWriteTime="132132091878305016" />
  <Object
    Path="C:\GitHub\B-R-Tetris\Logical\Libraries\astime\astime.fun"
    LogicalPath="Libraries.astime.astime.fun"
    Type="File"
    LastWriteTime="132132091878104477"
    Private="false" />
  <Object
    Path="C:\GitHub\B-R-Tetris\Logical\Libraries\astime\astime.typ"
    LogicalPath="Libraries.astime.astime.typ"
    Type="File"
    LastWriteTime="132132091878194720"
    Private="false" />
  <Object
    Path="C:\GitHub\B-R-Tetris\Logical\Libraries\astime\astime.var"
    LogicalPath="Libraries.astime.astime.var"
    Type="File"
    LastWriteTime="132132091878254875"
    Private="false" />
  <Object
    Path="C:\GitHub\B-R-Tetris\Logical\Libraries\AsIecCon\binary.lby"
    LogicalPath="Libraries.AsIecCon"
    Type="Library"
    LastWriteTime="132132091881433261" />
  <Object
    Path="C:\GitHub\B-R-Tetris\Logical\Libraries\AsIecCon\AsIecCon.fun"
    LogicalPath="Libraries.AsIecCon.AsIecCon.fun"
    Type="File"
    LastWriteTime="132132091881292874"
    Private="false" />
  <Object
    Path="C:\GitHub\B-R-Tetris\Logical\Libraries\AsIecCon\AsIecCon.typ"
    LogicalPath="Libraries.AsIecCon.AsIecCon.typ"
    Type="File"
    LastWriteTime="132132091881343008"
    Private="false" />
  <Object
    Path="C:\GitHub\B-R-Tetris\Logical\Libraries\AsIecCon\AsIecCon.var"
    LogicalPath="Libraries.AsIecCon.AsIecCon.var"
    Type="File"
    LastWriteTime="132132091881373089"
    Private="false" />
  <Object
    Path="C:\GitHub\B-R-Tetris\Logical\Libraries\AsSafety\binary.lby"
    LogicalPath="Libraries.AsSafety"
    Type="Library"
    LastWriteTime="132132092659434473" />
  <Object
    Path="C:\GitHub\B-R-Tetris\Logical\Libraries\AsSafety\AsSafety.fun"
    LogicalPath="Libraries.AsSafety.AsSafety.fun"
    Type="File"
    LastWriteTime="132132092659253591"
    Private="false" />
  <Object
    Path="C:\GitHub\B-R-Tetris\Logical\Libraries\AsSafety\AsSafety.typ"
    LogicalPath="Libraries.AsSafety.AsSafety.typ"
    Type="File"
    LastWriteTime="132132092659314158"
    Private="false" />
  <Object
    Path="C:\GitHub\B-R-Tetris\Logical\Libraries\AsSafety\AsSafety.var"
    LogicalPath="Libraries.AsSafety.AsSafety.var"
    Type="File"
    LastWriteTime="132132092659384363"
    Private="false" />
  <Object
    Path="C:\GitHub\B-R-Tetris\Logical\Libraries\FileIO\binary.lby"
    LogicalPath="Libraries.FileIO"
    Type="Library"
    LastWriteTime="132132092659885666" />
  <Object
    Path="C:\GitHub\B-R-Tetris\Logical\Libraries\FileIO\FileIO.fun"
    LogicalPath="Libraries.FileIO.FileIO.fun"
    Type="File"
    LastWriteTime="132132092659695175"
    Private="false" />
  <Object
    Path="C:\GitHub\B-R-Tetris\Logical\Libraries\FileIO\FileIO.typ"
    LogicalPath="Libraries.FileIO.FileIO.typ"
    Type="File"
    LastWriteTime="132132092659755327"
    Private="false" />
  <Object
    Path="C:\GitHub\B-R-Tetris\Logical\Libraries\FileIO\FileIO.var"
    LogicalPath="Libraries.FileIO.FileIO.var"
    Type="File"
    LastWriteTime="132132092659825507"
    Private="false" />
  <Object
    Path="C:\GitHub\B-R-Tetris\Logical\Libraries\DataObj\binary.lby"
    LogicalPath="Libraries.DataObj"
    Type="Library"
    LastWriteTime="132132092660339769" />
  <Object
    Path="C:\GitHub\B-R-Tetris\Logical\Libraries\DataObj\DataObj.fun"
    LogicalPath="Libraries.DataObj.DataObj.fun"
    Type="File"
    LastWriteTime="132132092660149253"
    Private="false" />
  <Object
    Path="C:\GitHub\B-R-Tetris\Logical\Libraries\DataObj\DataObj.typ"
    LogicalPath="Libraries.DataObj.DataObj.typ"
    Type="File"
    LastWriteTime="132132092660209412"
    Private="false" />
  <Object
    Path="C:\GitHub\B-R-Tetris\Logical\Libraries\DataObj\DataObj.var"
    LogicalPath="Libraries.DataObj.DataObj.var"
    Type="File"
    LastWriteTime="132132092660269592"
    Private="false" />
  <Object
    Path="C:\GitHub\B-R-Tetris\Logical\Libraries\AsXml\binary.lby"
    LogicalPath="Libraries.AsXml"
    Type="Library"
    LastWriteTime="132132092660831064" />
  <Object
    Path="C:\GitHub\B-R-Tetris\Logical\Libraries\AsXml\AsXml.fun"
    LogicalPath="Libraries.AsXml.AsXml.fun"
    Type="File"
    LastWriteTime="132132092660680658"
    Private="false" />
  <Object
    Path="C:\GitHub\B-R-Tetris\Logical\Libraries\AsXml\AsXml.typ"
    LogicalPath="Libraries.AsXml.AsXml.typ"
    Type="File"
    LastWriteTime="132132092660730793"
    Private="false" />
  <Object
    Path="C:\GitHub\B-R-Tetris\Logical\Libraries\AsXml\AsXml.var"
    LogicalPath="Libraries.AsXml.AsXml.var"
    Type="File"
    LastWriteTime="132132092660780920"
    Private="false" />
  <Object
    Path="C:\GitHub\B-R-Tetris\Logical\Libraries\standard\binary.lby"
    LogicalPath="Libraries.standard"
    Type="Library"
    LastWriteTime="132132092661212057" />
  <Object
    Path="C:\GitHub\B-R-Tetris\Logical\Libraries\standard\standard.fun"
    LogicalPath="Libraries.standard.standard.fun"
    Type="File"
    LastWriteTime="132132092661081746"
    Private="false" />
  <Object
    Path="C:\GitHub\B-R-Tetris\Logical\Libraries\standard\standard.typ"
    LogicalPath="Libraries.standard.standard.typ"
    Type="File"
    LastWriteTime="132132092661101788"
    Private="false" />
  <Object
    Path="C:\GitHub\B-R-Tetris\Logical\Libraries\standard\standard.var"
    LogicalPath="Libraries.standard.standard.var"
    Type="File"
    LastWriteTime="132132092661141961"
    Private="false" />
  <Object
    Path="C:\GitHub\B-R-Tetris\Logical\Libraries\Acp10man\Binary.lby"
    LogicalPath="Libraries.Acp10man"
    Type="Library"
    LastWriteTime="132132097334841152" />
  <Object
    Path="C:\GitHub\B-R-Tetris\Logical\Libraries\Acp10man\Acp10man.typ"
    LogicalPath="Libraries.Acp10man.Acp10man.typ"
    Type="File"
    LastWriteTime="132132097334781000"
    Private="false" />
  <Object
    Path="C:\GitHub\B-R-Tetris\Logical\Libraries\Acp10par\Binary.lby"
    LogicalPath="Libraries.Acp10par"
    Type="Library"
    LastWriteTime="132132097335753561" />
  <Object
    Path="C:\GitHub\B-R-Tetris\Logical\Libraries\Acp10par\Acp10par.var"
    LogicalPath="Libraries.Acp10par.Acp10par.var"
    Type="File"
    LastWriteTime="132132097335703424"
    Private="false" />
  <Object
    Path="C:\GitHub\B-R-Tetris\Logical\Libraries\NcGlobal\Binary.lby"
    LogicalPath="Libraries.NcGlobal"
    Type="Library"
    LastWriteTime="132132097336254871" />
  <Object
    Path="C:\GitHub\B-R-Tetris\Logical\Libraries\NcGlobal\NcGlobal.fun"
    LogicalPath="Libraries.NcGlobal.NcGlobal.fun"
    Type="File"
    LastWriteTime="132132097336054354"
    Private="false" />
  <Object
    Path="C:\GitHub\B-R-Tetris\Logical\Libraries\NcGlobal\NcGlobal.typ"
    LogicalPath="Libraries.NcGlobal.NcGlobal.typ"
    Type="File"
    LastWriteTime="132132097336084449"
    Private="false" />
  <Object
    Path="C:\GitHub\B-R-Tetris\Logical\Libraries\NcGlobal\NcGlobal.var"
    LogicalPath="Libraries.NcGlobal.NcGlobal.var"
    Type="File"
    LastWriteTime="132132097336194734"
    Private="false" />
  <Object
    Path="C:\GitHub\B-R-Tetris\Logical\Libraries\Acp10_MC\binary.lby"
    LogicalPath="Libraries.Acp10_MC"
    Type="Library"
    LastWriteTime="132132097464042018" />
  <Object
    Path="C:\GitHub\B-R-Tetris\Logical\Libraries\Acp10_MC\acp10_mc.fun"
    LogicalPath="Libraries.Acp10_MC.acp10_mc.fun"
    Type="File"
    LastWriteTime="132132097463831447"
    Private="false" />
  <Object
    Path="C:\GitHub\B-R-Tetris\Logical\Libraries\Acp10_MC\acp10_mc.typ"
    LogicalPath="Libraries.Acp10_MC.acp10_mc.typ"
    Type="File"
    LastWriteTime="132132097463901634"
    Private="false" />
  <Object
    Path="C:\GitHub\B-R-Tetris\Logical\Libraries\Acp10_MC\acp10_mc.var"
    LogicalPath="Libraries.Acp10_MC.acp10_mc.var"
    Type="File"
    LastWriteTime="132132097463961793"
    Private="false" />
  <Object
    Path="C:\GitHub\B-R-Tetris\Logical\Libraries\brsystem\binary.lby"
    LogicalPath="Libraries.brsystem"
    Type="Library"
    LastWriteTime="132132097464734156" />
  <Object
    Path="C:\GitHub\B-R-Tetris\Logical\Libraries\brsystem\brsystem.fun"
    LogicalPath="Libraries.brsystem.brsystem.fun"
    Type="File"
    LastWriteTime="132132097464563459"
    Private="false" />
  <Object
    Path="C:\GitHub\B-R-Tetris\Logical\Libraries\brsystem\brsystem.typ"
    LogicalPath="Libraries.brsystem.brsystem.typ"
    Type="File"
    LastWriteTime="132132097464583434"
    Private="false" />
  <Object
    Path="C:\GitHub\B-R-Tetris\Logical\Libraries\brsystem\brsystem.var"
    LogicalPath="Libraries.brsystem.brsystem.var"
    Type="File"
    LastWriteTime="132132097464683695"
    Private="false" />
  <Object
    Path="C:\GitHub\B-R-Tetris\Logical\Libraries\sys_lib\binary.lby"
    LogicalPath="Libraries.sys_lib"
    Type="Library"
    LastWriteTime="132132097465315371" />
  <Object
    Path="C:\GitHub\B-R-Tetris\Logical\Libraries\sys_lib\sys_lib.fun"
    LogicalPath="Libraries.sys_lib.sys_lib.fun"
    Type="File"
    LastWriteTime="132132097465124857"
    Private="false" />
  <Object
    Path="C:\GitHub\B-R-Tetris\Logical\Libraries\sys_lib\sys_lib.typ"
    LogicalPath="Libraries.sys_lib.sys_lib.typ"
    Type="File"
    LastWriteTime="132132097465185019"
    Private="false" />
  <Object
    Path="C:\GitHub\B-R-Tetris\Logical\Libraries\sys_lib\sys_lib.var"
    LogicalPath="Libraries.sys_lib.sys_lib.var"
    Type="File"
    LastWriteTime="132132097465255206"
    Private="false" />
  <Object
    Path="C:\GitHub\B-R-Tetris\Logical\Libraries\MpAxis\Binary.lby"
    LogicalPath="Libraries.MpAxis"
    Type="Library"
    LastWriteTime="132132101295486086" />
  <Object
    Path="C:\GitHub\B-R-Tetris\Logical\Libraries\MpAxis\MpAxis.typ"
    LogicalPath="Libraries.MpAxis.MpAxis.typ"
    Type="File"
    LastWriteTime="132132101295225369"
    Private="false" />
  <Object
    Path="C:\GitHub\B-R-Tetris\Logical\Libraries\MpAxis\MpAxisError.typ"
    LogicalPath="Libraries.MpAxis.MpAxisError.typ"
    Type="File"
    LastWriteTime="132132101295255444"
    Private="false" />
  <Object
    Path="C:\GitHub\B-R-Tetris\Logical\Libraries\MpAxis\MpAxisAlarm.typ"
    LogicalPath="Libraries.MpAxis.MpAxisAlarm.typ"
    Type="File"
    LastWriteTime="132132101295285535"
    Private="false" />
  <Object
    Path="C:\GitHub\B-R-Tetris\Logical\Libraries\MpAxis\MpAxis.fun"
    LogicalPath="Libraries.MpAxis.MpAxis.fun"
    Type="File"
    LastWriteTime="132132101295415874"
    Private="false" />
  <Object
    Path="C:\GitHub\B-R-Tetris\Logical\Libraries\MpCom\Binary.lby"
    LogicalPath="Libraries.MpCom"
    Type="Library"
    LastWriteTime="132132101296137770" />
  <Object
    Path="C:\GitHub\B-R-Tetris\Logical\Libraries\MpCom\MpCom.var"
    LogicalPath="Libraries.MpCom.MpCom.var"
    Type="File"
    LastWriteTime="132132101295947269"
    Private="false" />
  <Object
    Path="C:\GitHub\B-R-Tetris\Logical\Libraries\MpCom\MpCom.typ"
    LogicalPath="Libraries.MpCom.MpCom.typ"
    Type="File"
    LastWriteTime="132132101295977347"
    Private="false" />
  <Object
    Path="C:\GitHub\B-R-Tetris\Logical\Libraries\MpCom\MpComError.typ"
    LogicalPath="Libraries.MpCom.MpComError.typ"
    Type="File"
    LastWriteTime="132132101296007445"
    Private="false" />
  <Object
    Path="C:\GitHub\B-R-Tetris\Logical\Libraries\MpCom\MpCom.fun"
    LogicalPath="Libraries.MpCom.MpCom.fun"
    Type="File"
    LastWriteTime="132132101296087640"
    Private="false" />
  <Object
    Path="C:\GitHub\B-R-Tetris\Logical\Libraries\MpBase\Binary.lby"
    LogicalPath="Libraries.MpBase"
    Type="Library"
    LastWriteTime="132132101296909811" />
  <Object
    Path="C:\GitHub\B-R-Tetris\Logical\Libraries\MpBase\MpBase.typ"
    LogicalPath="Libraries.MpBase.MpBase.typ"
    Type="File"
    LastWriteTime="132132101296619056"
    Private="false" />
  <Object
    Path="C:\GitHub\B-R-Tetris\Logical\Libraries\MpBase\MpBase.var"
    LogicalPath="Libraries.MpBase.MpBase.var"
    Type="File"
    LastWriteTime="132132101296649190"
    Private="false" />
  <Object
    Path="C:\GitHub\B-R-Tetris\Logical\Libraries\MpBase\MpBase.fun"
    LogicalPath="Libraries.MpBase.MpBase.fun"
    Type="File"
    LastWriteTime="132132101296709281"
    Private="false" />
  <Object
    Path="C:\GitHub\B-R-Tetris\Logical\Libraries\MpBase\Common_EventLog.tmx"
    LogicalPath="Libraries.MpBase.Common_EventLog.tmx"
    Type="File"
    LastWriteTime="132132101296849645"
    Private="false" />
  <Object
    Path="C:\GitHub\B-R-Tetris\Logical\acp10etxen\Ett.dob"
    LogicalPath="acp10etxen"
    Type="DataObject"
    LastWriteTime="132132097450777063" />
  <Object
    Path="C:\GitHub\B-R-Tetris\Logical\acp10etxen\acp10etxen.ett"
    LogicalPath="acp10etxen.acp10etxen.ett"
    Type="File"
    LastWriteTime="132132097451529028"
    Private="false" />
  <Object
    Path="C:\GitHub\B-R-Tetris\Logical\gAxis01obj\Package.pkg"
    LogicalPath="gAxis01obj"
    Type="Package"
    LastWriteTime="132132097481775353" />
  <Object
    Path="C:\GitHub\B-R-Tetris\Logical\gAxis01obj\gAxis01a\Apt.dob"
    LogicalPath="gAxis01obj.gAxis01a"
    Type="DataObject"
    LastWriteTime="132132097479512764" />
  <Object
    Path="C:\GitHub\B-R-Tetris\Logical\gAxis01obj\gAxis01a\gAxis01a.apt"
    LogicalPath="gAxis01obj.gAxis01a.gAxis01a.apt"
    Type="File"
    LastWriteTime="132132097479877330"
    Private="false" />
  <Object
    Path="C:\GitHub\B-R-Tetris\Logical\gAxis01obj\gAxis01i\Ax.dob"
    LogicalPath="gAxis01obj.gAxis01i"
    Type="DataObject"
    LastWriteTime="132132097480542088" />
  <Object
    Path="C:\GitHub\B-R-Tetris\Logical\gAxis01obj\gAxis01i\gAxis01i.ax"
    LogicalPath="gAxis01obj.gAxis01i.gAxis01i.ax"
    Type="File"
    LastWriteTime="132132097481645001"
    Private="false" />
  <Object
    Path="C:\GitHub\B-R-Tetris\Logical\gAxis02obj\Package.pkg"
    LogicalPath="gAxis02obj"
    Type="Package"
    LastWriteTime="132132097484602468" />
  <Object
    Path="C:\GitHub\B-R-Tetris\Logical\gAxis02obj\gAxis02a\Apt.dob"
    LogicalPath="gAxis02obj.gAxis02a"
    Type="DataObject"
    LastWriteTime="132132097482627586" />
  <Object
    Path="C:\GitHub\B-R-Tetris\Logical\gAxis02obj\gAxis02a\gAxis02a.apt"
    LogicalPath="gAxis02obj.gAxis02a.gAxis02a.apt"
    Type="File"
    LastWriteTime="132132097482767649"
    Private="false" />
  <Object
    Path="C:\GitHub\B-R-Tetris\Logical\gAxis02obj\gAxis02i\Ax.dob"
    LogicalPath="gAxis02obj.gAxis02i"
    Type="DataObject"
    LastWriteTime="132132097483389273" />
  <Object
    Path="C:\GitHub\B-R-Tetris\Logical\gAxis02obj\gAxis02i\gAxis02i.ax"
    LogicalPath="gAxis02obj.gAxis02i.gAxis02i.ax"
    Type="File"
    LastWriteTime="132132097484482482"
    Private="false" />
  <Object
    Path="C:\GitHub\B-R-Tetris\Logical\mappView\Package.pkg"
    LogicalPath="mappView"
    Type="Package"
    LastWriteTime="132132130082855410" />
  <Object
    Path="C:\GitHub\B-R-Tetris\Logical\mappView\Layouts\Package.pkg"
    LogicalPath="mappView.Layouts"
    Type="Package"
    LastWriteTime="132132886965767539" />
  <Object
    Path="C:\GitHub\B-R-Tetris\Logical\mappView\Layouts\Layout.layout"
    LogicalPath="mappView.Layouts.Layout.layout"
    Type="File"
    LastWriteTime="132138249626925872"
    Private="false" />
  <Object
    Path="C:\GitHub\B-R-Tetris\Logical\mappView\Widgets\Package.pkg"
    LogicalPath="mappView.Widgets"
    Type="Package"
    LastWriteTime="132132129768217077" />
  <Object
    Path="C:\GitHub\B-R-Tetris\Logical\mappView\Resources\Package.pkg"
    LogicalPath="mappView.Resources"
    Type="Package"
    LastWriteTime="132132129768407556" />
  <Object
    Path="C:\GitHub\B-R-Tetris\Logical\mappView\Resources\Texts\Package.pkg"
    LogicalPath="mappView.Resources.Texts"
    Type="Package"
    LastWriteTime="132132129768277221" />
  <Object
    Path="C:\GitHub\B-R-Tetris\Logical\mappView\Resources\Snippets\Package.pkg"
    LogicalPath="mappView.Resources.Snippets"
    Type="Package"
    LastWriteTime="132132129768317345" />
  <Object
    Path="C:\GitHub\B-R-Tetris\Logical\mappView\Resources\Themes\Package.pkg"
    LogicalPath="mappView.Resources.Themes"
    Type="Package"
    LastWriteTime="132138279956670433" />
  <Object
    Path="C:\GitHub\B-R-Tetris\Logical\mappView\Resources\Themes\Tetris\Package.pkg"
    LogicalPath="mappView.Resources.Themes.Tetris"
    Type="Package"
    LastWriteTime="132138280067683962" />
  <Object
    Path="C:\GitHub\B-R-Tetris\Logical\mappView\Resources\Themes\Tetris\Tetris.theme"
    LogicalPath="mappView.Resources.Themes.Tetris.Tetris.theme"
    Type="File"
    LastWriteTime="132138282150369121"
    Private="false" />
  <Object
    Path="C:\GitHub\B-R-Tetris\Logical\mappView\Resources\Themes\Tetris\brease\Package.pkg"
    LogicalPath="mappView.Resources.Themes.Tetris.brease"
    Type="Package"
    LastWriteTime="132138280310265959" />
  <Object
    Path="C:\GitHub\B-R-Tetris\Logical\mappView\Resources\Themes\Tetris\brease\Tetris.stylesset"
    LogicalPath="mappView.Resources.Themes.Tetris.brease.Tetris.stylesset"
    Type="File"
    LastWriteTime="132138282759851221"
    Private="false" />
  <Object
    Path="C:\GitHub\B-R-Tetris\Logical\mappView\Resources\Themes\Tetris\brease\Default.styles"
    LogicalPath="mappView.Resources.Themes.Tetris.brease.Default.styles"
    Type="File"
    LastWriteTime="132138282919612369"
    Private="false" />
  <Object
    Path="C:\GitHub\B-R-Tetris\Logical\mappView\Resources\Themes\Tetris\brease\System.styles"
    LogicalPath="mappView.Resources.Themes.Tetris.brease.System.styles"
    Type="File"
    LastWriteTime="132138283005752021"
    Private="false" />
  <Object
    Path="C:\GitHub\B-R-Tetris\Logical\mappView\Resources\Themes\Tetris\brease\Buttons.styles"
    LogicalPath="mappView.Resources.Themes.Tetris.brease.Buttons.styles"
    Type="File"
    LastWriteTime="132138283076317001"
    Private="false" />
  <Object
    Path="C:\GitHub\B-R-Tetris\Logical\mappView\Resources\Themes\Tetris\brease\Common.styles"
    LogicalPath="mappView.Resources.Themes.Tetris.brease.Common.styles"
    Type="File"
    LastWriteTime="132138283144531098"
    Private="false" />
  <Object
    Path="C:\GitHub\B-R-Tetris\Logical\mappView\Resources\Themes\Tetris\brease\Container.styles"
    LogicalPath="mappView.Resources.Themes.Tetris.brease.Container.styles"
    Type="File"
    LastWriteTime="132138283207236937"
    Private="false" />
  <Object
    Path="C:\GitHub\B-R-Tetris\Logical\mappView\Resources\Themes\Tetris\brease\Numeric.styles"
    LogicalPath="mappView.Resources.Themes.Tetris.brease.Numeric.styles"
    Type="File"
    LastWriteTime="132138283298139513"
    Private="false" />
  <Object
    Path="C:\GitHub\B-R-Tetris\Logical\mappView\Resources\Themes\Tetris\brease\LabelTexts.styles"
    LogicalPath="mappView.Resources.Themes.Tetris.brease.LabelTexts.styles"
    Type="File"
    LastWriteTime="132138283408877868"
    Private="false" />
  <Object
    Path="C:\GitHub\B-R-Tetris\Logical\mappView\Resources\Themes\Tetris\brease\Graphic.styles"
    LogicalPath="mappView.Resources.Themes.Tetris.brease.Graphic.styles"
    Type="File"
    LastWriteTime="132138283487234031"
    Private="false" />
  <Object
    Path="C:\GitHub\B-R-Tetris\Logical\mappView\Resources\Themes\Tetris\brease\Charts.styles"
    LogicalPath="mappView.Resources.Themes.Tetris.brease.Charts.styles"
    Type="File"
    LastWriteTime="132138283566653078"
    Private="false" />
  <Object
    Path="C:\GitHub\B-R-Tetris\Logical\mappView\Resources\Themes\Tetris\brease\Sequencer.styles"
    LogicalPath="mappView.Resources.Themes.Tetris.brease.Sequencer.styles"
    Type="File"
    LastWriteTime="132138283640635242"
    Private="false" />
  <Object
    Path="C:\GitHub\B-R-Tetris\Logical\mappView\Resources\Themes\Tetris\brease\Lists.styles"
    LogicalPath="mappView.Resources.Themes.Tetris.brease.Lists.styles"
    Type="File"
    LastWriteTime="132138283724526778"
    Private="false" />
  <Object
    Path="C:\GitHub\B-R-Tetris\Logical\mappView\Resources\Media\Package.pkg"
    LogicalPath="mappView.Resources.Media"
    Type="Package"
    LastWriteTime="132139179730689459" />
  <Object
    Path="C:\GitHub\B-R-Tetris\Logical\mappView\Resources\Media\Sun.svg"
    LogicalPath="mappView.Resources.Media.Sun.svg"
    Type="File"
    LastWriteTime="132139190516582577"
    Private="false" />
  <Object
    Path="C:\GitHub\B-R-Tetris\Logical\mappView\Visualization\Package.pkg"
    LogicalPath="mappView.Visualization"
    Type="Package"
    LastWriteTime="132132130082835026" />
  <Object
    Path="C:\GitHub\B-R-Tetris\Logical\mappView\Visualization\Pages\Package.pkg"
    LogicalPath="mappView.Visualization.Pages"
    Type="Package"
    LastWriteTime="132133747725853080" />
  <Object
    Path="C:\GitHub\B-R-Tetris\Logical\mappView\Visualization\Pages\AreaContents\Package.pkg"
    LogicalPath="mappView.Visualization.Pages.AreaContents"
    Type="Package"
    LastWriteTime="132138233410359011" />
  <Object
    Path="C:\GitHub\B-R-Tetris\Logical\mappView\Visualization\Pages\AreaContents\Header.content"
    LogicalPath="mappView.Visualization.Pages.AreaContents.Header.content"
    Type="File"
    LastWriteTime="132138249767232558"
    Private="false" />
  <Object
    Path="C:\GitHub\B-R-Tetris\Logical\mappView\Visualization\Pages\AreaContents\Main.content"
    LogicalPath="mappView.Visualization.Pages.AreaContents.Main.content"
    Type="File"
    LastWriteTime="132139197859103439"
    Private="false" />
  <Object
    Path="C:\GitHub\B-R-Tetris\Logical\mappView\Visualization\Pages\AreaContents\Footer.content"
    LogicalPath="mappView.Visualization.Pages.AreaContents.Footer.content"
    Type="File"
    LastWriteTime="132138249950196486"
    Private="false" />
  <Object
    Path="C:\GitHub\B-R-Tetris\Logical\mappView\Visualization\Pages\Page\Package.pkg"
    LogicalPath="mappView.Visualization.Pages.Page"
    Type="Package"
    LastWriteTime="132133747725762839" />
  <Object
    Path="C:\GitHub\B-R-Tetris\Logical\mappView\Visualization\Pages\Page\Page.page"
    LogicalPath="mappView.Visualization.Pages.Page.Page.page"
    Type="File"
    LastWriteTime="132138229383056811"
    Private="false" />
  <Object
    Path="C:\GitHub\B-R-Tetris\Logical\mappView\Visualization\Variables\Package.pkg"
    LogicalPath="mappView.Visualization.Variables"
    Type="Package"
    LastWriteTime="132132130082544258" />
  <Object
    Path="C:\GitHub\B-R-Tetris\Logical\mappView\Visualization\Expressions\Package.pkg"
    LogicalPath="mappView.Visualization.Expressions"
    Type="Package"
    LastWriteTime="132132130082574339" />
  <Object
    Path="C:\GitHub\B-R-Tetris\Logical\mappView\Visualization\Layouts\Package.pkg"
    LogicalPath="mappView.Visualization.Layouts"
    Type="Package"
    LastWriteTime="132132868872592269" />
  <Object
    Path="C:\GitHub\B-R-Tetris\Logical\mappView\Visualization\Dialogs\Package.pkg"
    LogicalPath="mappView.Visualization.Dialogs"
    Type="Package"
    LastWriteTime="132132130082694656" />
  <Object
    Path="C:\GitHub\B-R-Tetris\Logical\mappView\Visualization\Dialogs\AreaContents\Package.pkg"
    LogicalPath="mappView.Visualization.Dialogs.AreaContents"
    Type="Package"
    LastWriteTime="132132130082684638" />
  <Object
    Path="C:\GitHub\B-R-Tetris\Logical\mappView\Visualization\Resources\Package.pkg"
    LogicalPath="mappView.Visualization.Resources"
    Type="Package"
    LastWriteTime="132132130082825012" />
  <Object
    Path="C:\GitHub\B-R-Tetris\Logical\mappView\Visualization\Resources\Texts\Package.pkg"
    LogicalPath="mappView.Visualization.Resources.Texts"
    Type="Package"
    LastWriteTime="132132130082754814" />
  <Object
    Path="C:\GitHub\B-R-Tetris\Logical\mappView\Visualization\Resources\Snippets\Package.pkg"
    LogicalPath="mappView.Visualization.Resources.Snippets"
    Type="Package"
    LastWriteTime="132132130082794917" />
  <Object
    Path="C:\GitHub\B-R-Tetris\Logical\MappView.lnk"
    LogicalPath="MappView.lnk"
    Type="File"
    LastWriteTime="132137470887753342"
    Private="false" />
  <Object
    Path="C:\GitHub\B-R-Tetris\Logical\Program\IEC.prg"
    LogicalPath="Program"
    Type="Program"
    LastWriteTime="132137473048889772" />
  <Object
    Path="C:\GitHub\B-R-Tetris\Logical\Program\Main.st"
    LogicalPath="Program.Main.st"
    Type="File"
    LastWriteTime="132139211468973432"
    Private="false" />
  <Object
    Path="C:\GitHub\B-R-Tetris\Logical\Program\Types.typ"
    LogicalPath="Program.Types.typ"
    Type="File"
    LastWriteTime="132137473048869376"
    Private="true" />
  <Object
    Path="C:\GitHub\B-R-Tetris\Logical\Program\Variables.var"
    LogicalPath="Program.Variables.var"
    Type="File"
    LastWriteTime="132139197071497044"
    Private="true" />
  <Object
    Path="C:\GitHub\B-R-Tetris\Physical\Config1\Config.pkg"
    LogicalPath="Config1"
    Type="Configuration.ParentUnknown"
    LastWriteTime="132132091910211445" />
  <Object
    Path="C:\GitHub\B-R-Tetris\Physical\Config1\Hardware.hw"
    LogicalPath="Config1.Hardware.hw"
    Type="File"
    LastWriteTime="132139185961990254"
    Private="false" />
  <Object
    Path="C:\GitHub\B-R-Tetris\Physical\Config1\Hardware.hwl"
    LogicalPath="Config1.Hardware.hwl"
    Type="File"
    LastWriteTime="132132101036298000"
    Private="false" />
  <Object
    Path="C:\GitHub\B-R-Tetris\Physical\Config1\X20CP1584\Cpu.pkg"
    LogicalPath="Config1.X20CP1584"
    Type="Cpu"
    LastWriteTime="132132108962397292" />
  <Object
    Path="C:\GitHub\B-R-Tetris\Physical\Config1\X20CP1584\Cpu.sw"
    LogicalPath="Config1.X20CP1584.Cpu.sw"
    Type="File"
    LastWriteTime="132137473414024337"
    Private="false" />
  <Object
    Path="C:\GitHub\B-R-Tetris\Physical\Config1\X20CP1584\Cpu.per"
    LogicalPath="Config1.X20CP1584.Cpu.per"
    Type="File"
    LastWriteTime="132132091883753258"
    Private="false" />
  <Object
    Path="C:\GitHub\B-R-Tetris\Physical\Config1\X20CP1584\IoMap.iom"
    LogicalPath="Config1.X20CP1584.IoMap.iom"
    Type="File"
    LastWriteTime="132132091883823452"
    Private="false" />
  <Object
    Path="C:\GitHub\B-R-Tetris\Physical\Config1\X20CP1584\PvMap.vvm"
    LogicalPath="Config1.X20CP1584.PvMap.vvm"
    Type="File"
    LastWriteTime="132132091883903671"
    Private="false" />
  <Object
    Path="C:\GitHub\B-R-Tetris\Physical\Config1\X20CP1584\Connectivity\Package.pkg"
    LogicalPath="Config1.X20CP1584.Connectivity"
    Type="Package"
    LastWriteTime="132132091884475495" />
  <Object
    Path="C:\GitHub\B-R-Tetris\Physical\Config1\X20CP1584\Connectivity\OpcUA\Package.pkg"
    LogicalPath="Config1.X20CP1584.Connectivity.OpcUA"
    Type="Package"
    LastWriteTime="132133752463906181" />
  <Object
    Path="C:\GitHub\B-R-Tetris\Physical\Config1\X20CP1584\Connectivity\OpcUA\OpcUaMap.uad"
    LogicalPath="Config1.X20CP1584.Connectivity.OpcUA.OpcUaMap.uad"
    Type="File"
    LastWriteTime="132139197627678732"
    Private="false" />
  <Object
    Path="C:\GitHub\B-R-Tetris\Physical\Config1\X20CP1584\TextSystem\Package.pkg"
    LogicalPath="Config1.X20CP1584.TextSystem"
    Type="Package"
    LastWriteTime="132132091884685720" />
  <Object
    Path="C:\GitHub\B-R-Tetris\Physical\Config1\X20CP1584\UnitSystem\Package.pkg"
    LogicalPath="Config1.X20CP1584.UnitSystem"
    Type="Package"
    LastWriteTime="132132091884866549" />
  <Object
    Path="C:\GitHub\B-R-Tetris\Physical\Config1\X20CP1584\AccessAndSecurity\Package.pkg"
    LogicalPath="Config1.X20CP1584.AccessAndSecurity"
    Type="Package"
    LastWriteTime="132132091885979472" />
  <Object
    Path="C:\GitHub\B-R-Tetris\Physical\Config1\X20CP1584\AccessAndSecurity\UserRoleSystem\Package.pkg"
    LogicalPath="Config1.X20CP1584.AccessAndSecurity.UserRoleSystem"
    Type="Package"
    LastWriteTime="132132091885177031" />
  <Object
    Path="C:\GitHub\B-R-Tetris\Physical\Config1\X20CP1584\AccessAndSecurity\UserRoleSystem\Role.role"
    LogicalPath="Config1.X20CP1584.AccessAndSecurity.UserRoleSystem.Role.role"
    Type="File"
    LastWriteTime="132132091885096819"
    Private="false" />
  <Object
    Path="C:\GitHub\B-R-Tetris\Physical\Config1\X20CP1584\AccessAndSecurity\UserRoleSystem\User.user"
    LogicalPath="Config1.X20CP1584.AccessAndSecurity.UserRoleSystem.User.user"
    Type="File"
    LastWriteTime="132132091885126893"
    Private="false" />
  <Object
    Path="C:\GitHub\B-R-Tetris\Physical\Config1\X20CP1584\AccessAndSecurity\CertificateStore\Package.pkg"
    LogicalPath="Config1.X20CP1584.AccessAndSecurity.CertificateStore"
    Type="Package"
    LastWriteTime="132132091885838757" />
  <Object
    Path="C:\GitHub\B-R-Tetris\Physical\Config1\X20CP1584\AccessAndSecurity\CertificateStore\OwnCertificates\Package.pkg"
    LogicalPath="Config1.X20CP1584.AccessAndSecurity.CertificateStore.OwnCertificates"
    Type="Package"
    LastWriteTime="132132091885407633" />
  <Object
    Path="C:\GitHub\B-R-Tetris\Physical\Config1\X20CP1584\AccessAndSecurity\CertificateStore\OwnCertificates\Certificates\Package.pkg"
    LogicalPath="Config1.X20CP1584.AccessAndSecurity.CertificateStore.OwnCertificates.Certificates"
    Type="Package"
    LastWriteTime="132132091885307355" />
  <Object
    Path="C:\GitHub\B-R-Tetris\Physical\Config1\X20CP1584\AccessAndSecurity\CertificateStore\OwnCertificates\PrivateKeys\Package.pkg"
    LogicalPath="Config1.X20CP1584.AccessAndSecurity.CertificateStore.OwnCertificates.PrivateKeys"
    Type="Package"
    LastWriteTime="132132091885387584" />
  <Object
    Path="C:\GitHub\B-R-Tetris\Physical\Config1\X20CP1584\AccessAndSecurity\CertificateStore\ThirdPartyCertificates\Package.pkg"
    LogicalPath="Config1.X20CP1584.AccessAndSecurity.CertificateStore.ThirdPartyCertificates"
    Type="Package"
    LastWriteTime="132132091885618511" />
  <Object
    Path="C:\GitHub\B-R-Tetris\Physical\Config1\X20CP1584\AccessAndSecurity\CertificateStore\ThirdPartyCertificates\SoftwareCertificates\Package.pkg"
    LogicalPath="Config1.X20CP1584.AccessAndSecurity.CertificateStore.ThirdPartyCertificates.SoftwareCertificates"
    Type="Package"
    LastWriteTime="132132091885568045" />
  <Object
    Path="C:\GitHub\B-R-Tetris\Physical\Config1\X20CP1584\AccessAndSecurity\CertificateStore\CertificateRevocationLists\Package.pkg"
    LogicalPath="Config1.X20CP1584.AccessAndSecurity.CertificateStore.CertificateRevocationLists"
    Type="Package"
    LastWriteTime="132132091885698422" />
  <Object
    Path="C:\GitHub\B-R-Tetris\Physical\Config1\X20CP1584\AccessAndSecurity\CertificateStore\CertificateSigningRequests\Package.pkg"
    LogicalPath="Config1.X20CP1584.AccessAndSecurity.CertificateStore.CertificateSigningRequests"
    Type="Package"
    LastWriteTime="132132091885778926" />
  <Object
    Path="C:\GitHub\B-R-Tetris\Physical\Config1\X20CP1584\AccessAndSecurity\TransportLayerSecurity\Package.pkg"
    LogicalPath="Config1.X20CP1584.AccessAndSecurity.TransportLayerSecurity"
    Type="Package"
    LastWriteTime="132132091885909278" />
  <Object
    Path="C:\GitHub\B-R-Tetris\Physical\Config1\X20CP1584\mappControl\Package.pkg"
    LogicalPath="Config1.X20CP1584.mappControl"
    Type="Package"
    LastWriteTime="132132091886079401" />
  <Object
    Path="C:\GitHub\B-R-Tetris\Physical\Config1\X20CP1584\mappMotion\Package.pkg"
    LogicalPath="Config1.X20CP1584.mappMotion"
    Type="Package"
    LastWriteTime="132132091886179655" />
  <Object
    Path="C:\GitHub\B-R-Tetris\Physical\Config1\X20CP1584\mappServices\Package.pkg"
    LogicalPath="Config1.X20CP1584.mappServices"
    Type="Package"
    LastWriteTime="132132091886279923" />
  <Object
    Path="C:\GitHub\B-R-Tetris\Physical\Config1\X20CP1584\mappView\Package.pkg"
    LogicalPath="Config1.X20CP1584.mappView"
    Type="Package"
    LastWriteTime="132138290143882153" />
  <Object
    Path="C:\GitHub\B-R-Tetris\Physical\Config1\X20CP1584\mappView\Visualizat.vis"
    LogicalPath="Config1.X20CP1584.mappView.Visualizat.vis"
    Type="File"
    LastWriteTime="132138290888203948"
    Private="false" />
  <Object
    Path="C:\GitHub\B-R-Tetris\Physical\Config1\X20CP1584\mappView\Binding.binding"
    LogicalPath="Config1.X20CP1584.mappView.Binding.binding"
    Type="File"
    LastWriteTime="132139197858803022"
    Private="false" />
  <Object
    Path="C:\GitHub\B-R-Tetris\Physical\Config1\X20CP1584\mappCockpit\Package.pkg"
    LogicalPath="Config1.X20CP1584.mappCockpit"
    Type="Package"
    LastWriteTime="132132091886571018" />
  <Object
    Path="C:\GitHub\B-R-Tetris\Physical\Config1\X20CP1584\Motion\Package.pkg"
    LogicalPath="Config1.X20CP1584.Motion"
    Type="Package"
    LastWriteTime="132132101289630596" />
  <Object
    Path="C:\GitHub\B-R-Tetris\Physical\Config1\X20CP1584\Motion\Acp10map.ncm"
    LogicalPath="Config1.X20CP1584.Motion.Acp10map.ncm"
    Type="File"
    LastWriteTime="132132097446977355"
    Private="false" />
  <Object
    Path="C:\GitHub\B-R-Tetris\Physical\Config1\X20CP1584\Motion\Acp10cfg.ncc"
    LogicalPath="Config1.X20CP1584.Motion.Acp10cfg.ncc"
    Type="File"
    LastWriteTime="132132097450506682"
    Private="false" />
  <Object
    Path="C:\GitHub\B-R-Tetris\Physical\Config1\X20CP1584\Motion\Acp10sys.br"
    LogicalPath="Config1.X20CP1584.Motion.Acp10sys.br"
    Type="File"
    LastWriteTime="132132097341608982"
    Private="false" />
  <Object
    Path="C:\GitHub\B-R-Tetris\Physical\Config1\X20CP1584\Motion\Config.mpaxisbasic"
    LogicalPath="Config1.X20CP1584.Motion.Config.mpaxisbasic"
    Type="File"
    LastWriteTime="132132101592757857"
    Private="false" />
  <Object
    Path="C:\GitHub\B-R-Tetris\Physical\Config1\Hardware.jpg"
    LogicalPath="Config1.Hardware.jpg"
    Type="File"
    LastWriteTime="132132101036388240"
    Private="false" />
</Objects>