C:\AS_Projects\TEST\MpAxis_Setup\Logical\Global.typ
C:\AS_Projects\TEST\MpAxis_Setup\Logical\Global.var
C:\AS_Projects\TEST\MpAxis_Setup\Logical\Libraries\operator\operator.fun
C:\AS_Projects\TEST\MpAxis_Setup\Logical\Libraries\operator\operator.typ
C:\AS_Projects\TEST\MpAxis_Setup\Logical\Libraries\operator\operator.var
C:\AS_Projects\TEST\MpAxis_Setup\Logical\Libraries\runtime\runtime.fun
C:\AS_Projects\TEST\MpAxis_Setup\Logical\Libraries\runtime\runtime.typ
C:\AS_Projects\TEST\MpAxis_Setup\Logical\Libraries\runtime\runtime.var
C:\AS_Projects\TEST\MpAxis_Setup\Logical\Libraries\astime\astime.fun
C:\AS_Projects\TEST\MpAxis_Setup\Logical\Libraries\astime\astime.typ
C:\AS_Projects\TEST\MpAxis_Setup\Logical\Libraries\astime\astime.var
C:\AS_Projects\TEST\MpAxis_Setup\Logical\Libraries\AsIecCon\AsIecCon.fun
C:\AS_Projects\TEST\MpAxis_Setup\Logical\Libraries\AsIecCon\AsIecCon.typ
C:\AS_Projects\TEST\MpAxis_Setup\Logical\Libraries\AsIecCon\AsIecCon.var
C:\AS_Projects\TEST\MpAxis_Setup\Logical\Libraries\AsSafety\AsSafety.fun
C:\AS_Projects\TEST\MpAxis_Setup\Logical\Libraries\AsSafety\AsSafety.typ
C:\AS_Projects\TEST\MpAxis_Setup\Logical\Libraries\AsSafety\AsSafety.var
C:\AS_Projects\TEST\MpAxis_Setup\Logical\Libraries\FileIO\FileIO.fun
C:\AS_Projects\TEST\MpAxis_Setup\Logical\Libraries\FileIO\FileIO.typ
C:\AS_Projects\TEST\MpAxis_Setup\Logical\Libraries\FileIO\FileIO.var
C:\AS_Projects\TEST\MpAxis_Setup\Logical\Libraries\DataObj\DataObj.fun
C:\AS_Projects\TEST\MpAxis_Setup\Logical\Libraries\DataObj\DataObj.typ
C:\AS_Projects\TEST\MpAxis_Setup\Logical\Libraries\DataObj\DataObj.var
C:\AS_Projects\TEST\MpAxis_Setup\Logical\Libraries\AsXml\AsXml.fun
C:\AS_Projects\TEST\MpAxis_Setup\Logical\Libraries\AsXml\AsXml.typ
C:\AS_Projects\TEST\MpAxis_Setup\Logical\Libraries\AsXml\AsXml.var
C:\AS_Projects\TEST\MpAxis_Setup\Logical\Libraries\standard\standard.fun
C:\AS_Projects\TEST\MpAxis_Setup\Logical\Libraries\standard\standard.typ
C:\AS_Projects\TEST\MpAxis_Setup\Logical\Libraries\standard\standard.var
C:\AS_Projects\TEST\MpAxis_Setup\Logical\Libraries\Acp10man\Acp10man.typ
C:\AS_Projects\TEST\MpAxis_Setup\Logical\Libraries\Acp10par\Acp10par.var
C:\AS_Projects\TEST\MpAxis_Setup\Logical\Libraries\NcGlobal\NcGlobal.fun
C:\AS_Projects\TEST\MpAxis_Setup\Logical\Libraries\NcGlobal\NcGlobal.typ
C:\AS_Projects\TEST\MpAxis_Setup\Logical\Libraries\NcGlobal\NcGlobal.var
C:\AS_Projects\TEST\MpAxis_Setup\Logical\Libraries\Acp10_MC\acp10_mc.fun
C:\AS_Projects\TEST\MpAxis_Setup\Logical\Libraries\Acp10_MC\acp10_mc.typ
C:\AS_Projects\TEST\MpAxis_Setup\Logical\Libraries\Acp10_MC\acp10_mc.var
C:\AS_Projects\TEST\MpAxis_Setup\Logical\Libraries\brsystem\brsystem.fun
C:\AS_Projects\TEST\MpAxis_Setup\Logical\Libraries\brsystem\brsystem.typ
C:\AS_Projects\TEST\MpAxis_Setup\Logical\Libraries\brsystem\brsystem.var
C:\AS_Projects\TEST\MpAxis_Setup\Logical\Libraries\sys_lib\sys_lib.fun
C:\AS_Projects\TEST\MpAxis_Setup\Logical\Libraries\sys_lib\sys_lib.typ
C:\AS_Projects\TEST\MpAxis_Setup\Logical\Libraries\sys_lib\sys_lib.var
C:\AS_Projects\TEST\MpAxis_Setup\Logical\Libraries\MpAxis\MpAxis.typ
C:\AS_Projects\TEST\MpAxis_Setup\Logical\Libraries\MpAxis\MpAxisError.typ
C:\AS_Projects\TEST\MpAxis_Setup\Logical\Libraries\MpAxis\MpAxisAlarm.typ
C:\AS_Projects\TEST\MpAxis_Setup\Logical\Libraries\MpAxis\MpAxis.fun
C:\AS_Projects\TEST\MpAxis_Setup\Logical\Libraries\MpCom\MpCom.var
C:\AS_Projects\TEST\MpAxis_Setup\Logical\Libraries\MpCom\MpCom.typ
C:\AS_Projects\TEST\MpAxis_Setup\Logical\Libraries\MpCom\MpComError.typ
C:\AS_Projects\TEST\MpAxis_Setup\Logical\Libraries\MpCom\MpCom.fun
C:\AS_Projects\TEST\MpAxis_Setup\Logical\Libraries\MpBase\MpBase.typ
C:\AS_Projects\TEST\MpAxis_Setup\Logical\Libraries\MpBase\MpBase.var
C:\AS_Projects\TEST\MpAxis_Setup\Logical\Libraries\MpBase\MpBase.fun
